  fanPg-: 1.57
  prizeSeconds-: 1.51
  cashRateMult-: 1.46
  fanPg+: 1.45
  classFanMult-: 1.39

лучший счёт 1.389
  classFanMult: 1.8961
  idleClassShare: 0.5000
  cashRateMult: 0.8521
  parkPg: 2.3068
  fanPg: 1.8975
  leaguePrizeMult: 1.4500
  leagueStep: 1.4898
  promoteRatio: 1.8122
  prizeSeconds: 4.9850

  веха     цель    открыт
        40000    3.6ч  2.0ч
      1000000   13.1ч  12.5ч
     25000000    2.0д  46.8ч
    625000000    7.2д  135.2ч
  15625000000   26.0д  270.7ч

  уровней 983 | побед 17.3% | класс 5 | лига 10 | приток фанатов x15.5
  лиги: 190 283 422 628 936 1394 2077 3095 4611 6869 10234 15246 22714 33839
