
лучший счёт 1.656
  classFanMult: 2.0000
  idleClassShare: 0.5000
  cashRateMult: 1.0000
  gearStat: 1.0000
  garageStat: 1.0000
  parkPg: 2.4989
  fanPg: 2.5443
  leaguePrizeMult: 1.4500
  leagueStep: 1.4898
  promoteRatio: 1.9631
  prizeSeconds: 5.6948

  веха     цель    открыт
        40000    4.0ч  4.4ч
      1000000   14.1ч  14.8ч
     25000000    2.1д  39.0ч
    625000000    7.4д  110.7ч
  15625000000   26.0д  249.1ч

  уровней 1066 | побед 17.3% | класс 5 | лига 11 | приток фанатов x12.0
  лиги: 190 283 422 628 936 1394 2077 3095 4611 6869 10234 15246 22714 33839
